[0.897s] Invoking command in '/home/billy-linux-think/AAAA/ArucoRotation/src/build/aruco_z_rotation': PYTHONPATH=/home/billy-linux-think/AAAA/ArucoRotation/src/build/aruco_z_rotation/prefix_override:/usr/lib/python3/dist-packages/colcon_core/task/python/colcon_distutils_commands:/home/billy-linux-think/AAAA/ArucoRotation/src/install/aruco_z_rotation/lib/python3.10/site-packages:${PYTHONPATH} /usr/bin/python3 -W ignore:setup.py install is deprecated -W ignore:easy_install command is deprecated setup.py develop --editable --build-directory /home/billy-linux-think/AAAA/ArucoRotation/src/build/aruco_z_rotation/build --no-deps symlink_data
[1.221s] running develop
[1.468s] running egg_info
[1.469s] creating aruco_z_rotation.egg-info
[1.469s] writing aruco_z_rotation.egg-info/PKG-INFO
[1.469s] writing dependency_links to aruco_z_rotation.egg-info/dependency_links.txt
[1.469s] writing entry points to aruco_z_rotation.egg-info/entry_points.txt
[1.469s] writing requirements to aruco_z_rotation.egg-info/requires.txt
[1.470s] writing top-level names to aruco_z_rotation.egg-info/top_level.txt
[1.470s] writing manifest file 'aruco_z_rotation.egg-info/SOURCES.txt'
[1.471s] reading manifest file 'aruco_z_rotation.egg-info/SOURCES.txt'
[1.472s] writing manifest file 'aruco_z_rotation.egg-info/SOURCES.txt'
[1.528s] running build_ext
[1.529s] Creating /home/billy-linux-think/AAAA/ArucoRotation/src/install/aruco_z_rotation/lib/python3.10/site-packages/aruco-z-rotation.egg-link (link to .)
[1.530s] Installing z_rotation_node script to /home/billy-linux-think/AAAA/ArucoRotation/src/install/aruco_z_rotation/lib/aruco_z_rotation
[1.530s] 
[1.530s] Installed /home/billy-linux-think/AAAA/ArucoRotation/src/build/aruco_z_rotation
[1.530s] running symlink_data
[1.530s] creating /home/billy-linux-think/AAAA/ArucoRotation/src/install/aruco_z_rotation/share/ament_index
[1.530s] creating /home/billy-linux-think/AAAA/ArucoRotation/src/install/aruco_z_rotation/share/ament_index/resource_index
[1.530s] creating /home/billy-linux-think/AAAA/ArucoRotation/src/install/aruco_z_rotation/share/ament_index/resource_index/packages
[1.531s] symbolically linking /home/billy-linux-think/AAAA/ArucoRotation/src/build/aruco_z_rotation/resource/aruco_z_rotation -> /home/billy-linux-think/AAAA/ArucoRotation/src/install/aruco_z_rotation/share/ament_index/resource_index/packages
[1.531s] symbolically linking /home/billy-linux-think/AAAA/ArucoRotation/src/build/aruco_z_rotation/package.xml -> /home/billy-linux-think/AAAA/ArucoRotation/src/install/aruco_z_rotation/share/aruco_z_rotation
[1.531s] creating /home/billy-linux-think/AAAA/ArucoRotation/src/install/aruco_z_rotation/share/aruco_z_rotation/launch
[1.531s] symbolically linking /home/billy-linux-think/AAAA/ArucoRotation/src/build/aruco_z_rotation/launch/aruco_z_rotation.launch.py -> /home/billy-linux-think/AAAA/ArucoRotation/src/install/aruco_z_rotation/share/aruco_z_rotation/launch
[1.586s] Invoked command in '/home/billy-linux-think/AAAA/ArucoRotation/src/build/aruco_z_rotation' returned '0': PYTHONPATH=/home/billy-linux-think/AAAA/ArucoRotation/src/build/aruco_z_rotation/prefix_override:/usr/lib/python3/dist-packages/colcon_core/task/python/colcon_distutils_commands:/home/billy-linux-think/AAAA/ArucoRotation/src/install/aruco_z_rotation/lib/python3.10/site-packages:${PYTHONPATH} /usr/bin/python3 -W ignore:setup.py install is deprecated -W ignore:easy_install command is deprecated setup.py develop --editable --build-directory /home/billy-linux-think/AAAA/ArucoRotation/src/build/aruco_z_rotation/build --no-deps symlink_data
