[0.110s] DEBUG:colcon:Command line arguments: ['/usr/bin/colcon', 'build', '--symlink-install', '--packages-select', 'aruco_z_rotation']
[0.110s] DEBUG:colcon:Parsed command line arguments: Namespace(log_base=None, log_level=None, verb_name='build', build_base='build', install_base='install', merge_install=False, symlink_install=True, test_result_base=None, continue_on_error=False, executor='parallel', parallel_workers=8, event_handlers=None, ignore_user_meta=False, metas=['./colcon.meta'], base_paths=['.'], packages_ignore=None, packages_ignore_regex=None, paths=None, packages_up_to=None, packages_up_to_regex=None, packages_above=None, packages_above_and_dependencies=None, packages_above_depth=None, packages_select_by_dep=None, packages_skip_by_dep=None, packages_skip_up_to=None, packages_select_build_failed=False, packages_skip_build_finished=False, packages_select_test_failures=False, packages_skip_test_passed=False, packages_select=['aruco_z_rotation'], packages_skip=None, packages_select_regex=None, packages_skip_regex=None, packages_start=None, packages_end=None, allow_overriding=[], cmake_args=None, cmake_target=None, cmake_target_skip_unavailable=False, cmake_clean_cache=False, cmake_clean_first=False, cmake_force_configure=False, ament_cmake_args=None, catkin_cmake_args=None, catkin_skip_building_tests=False, verb_parser=<colcon_defaults.argument_parser.defaults.DefaultArgumentsDecorator object at 0x7b77ad05d000>, verb_extension=<colcon_core.verb.build.BuildVerb object at 0x7b77ad1624a0>, main=<bound method BuildVerb.main of <colcon_core.verb.build.BuildVerb object at 0x7b77ad1624a0>>)
[0.297s] Level 1:colcon.colcon_core.package_discovery:discover_packages(colcon_meta) check parameters
[0.297s] Level 1:colcon.colcon_core.package_discovery:discover_packages(recursive) check parameters
[0.297s] Level 1:colcon.colcon_core.package_discovery:discover_packages(ignore) check parameters
[0.297s] Level 1:colcon.colcon_core.package_discovery:discover_packages(path) check parameters
[0.297s] Level 1:colcon.colcon_core.package_discovery:discover_packages(colcon_meta) discover
[0.298s] Level 1:colcon.colcon_core.package_discovery:discover_packages(recursive) discover
[0.298s] INFO:colcon.colcon_core.package_discovery:Crawling recursively for packages in '/home/billy-linux-think/AAAA/ArucoRotation/src'
[0.298s] Level 1:colcon.colcon_core.package_identification:_identify(.) by extensions ['ignore', 'ignore_ament_install']
[0.298s] Level 1:colcon.colcon_core.package_identification:_identify(.) by extension 'ignore'
[0.298s] Level 1:colcon.colcon_core.package_identification:_identify(.) by extension 'ignore_ament_install'
[0.298s] Level 1:colcon.colcon_core.package_identification:_identify(.) by extensions ['colcon_pkg']
[0.298s] Level 1:colcon.colcon_core.package_identification:_identify(.) by extension 'colcon_pkg'
[0.298s] Level 1:colcon.colcon_core.package_identification:_identify(.) by extensions ['colcon_meta']
[0.298s] Level 1:colcon.colcon_core.package_identification:_identify(.) by extension 'colcon_meta'
[0.298s] Level 1:colcon.colcon_core.package_identification:_identify(.) by extensions ['ros']
[0.298s] Level 1:colcon.colcon_core.package_identification:_identify(.) by extension 'ros'
[0.314s] Level 1:colcon.colcon_core.package_identification:_identify(.) by extensions ['cmake', 'python']
[0.314s] Level 1:colcon.colcon_core.package_identification:_identify(.) by extension 'cmake'
[0.314s] Level 1:colcon.colcon_core.package_identification:_identify(.) by extension 'python'
[0.314s] Level 1:colcon.colcon_core.package_identification:_identify(.) by extensions ['python_setup_py']
[0.314s] Level 1:colcon.colcon_core.package_identification:_identify(.) by extension 'python_setup_py'
[0.314s] Level 1:colcon.colcon_core.package_identification:_identify(aruco_interfaces) by extensions ['ignore', 'ignore_ament_install']
[0.314s] Level 1:colcon.colcon_core.package_identification:_identify(aruco_interfaces) by extension 'ignore'
[0.314s] Level 1:colcon.colcon_core.package_identification:_identify(aruco_interfaces) by extension 'ignore_ament_install'
[0.314s] Level 1:colcon.colcon_core.package_identification:_identify(aruco_interfaces) by extensions ['colcon_pkg']
[0.314s] Level 1:colcon.colcon_core.package_identification:_identify(aruco_interfaces) by extension 'colcon_pkg'
[0.314s] Level 1:colcon.colcon_core.package_identification:_identify(aruco_interfaces) by extensions ['colcon_meta']
[0.314s] Level 1:colcon.colcon_core.package_identification:_identify(aruco_interfaces) by extension 'colcon_meta'
[0.314s] Level 1:colcon.colcon_core.package_identification:_identify(aruco_interfaces) by extensions ['ros']
[0.315s] Level 1:colcon.colcon_core.package_identification:_identify(aruco_interfaces) by extension 'ros'
[0.318s] DEBUG:colcon.colcon_core.package_identification:Package 'aruco_interfaces' with type 'ros.ament_cmake' and name 'aruco_interfaces'
[0.318s] Level 1:colcon.colcon_core.package_identification:_identify(aruco_pose_estimation) by extensions ['ignore', 'ignore_ament_install']
[0.318s] Level 1:colcon.colcon_core.package_identification:_identify(aruco_pose_estimation) by extension 'ignore'
[0.318s] Level 1:colcon.colcon_core.package_identification:_identify(aruco_pose_estimation) by extension 'ignore_ament_install'
[0.318s] Level 1:colcon.colcon_core.package_identification:_identify(aruco_pose_estimation) by extensions ['colcon_pkg']
[0.318s] Level 1:colcon.colcon_core.package_identification:_identify(aruco_pose_estimation) by extension 'colcon_pkg'
[0.318s] Level 1:colcon.colcon_core.package_identification:_identify(aruco_pose_estimation) by extensions ['colcon_meta']
[0.318s] Level 1:colcon.colcon_core.package_identification:_identify(aruco_pose_estimation) by extension 'colcon_meta'
[0.318s] Level 1:colcon.colcon_core.package_identification:_identify(aruco_pose_estimation) by extensions ['ros']
[0.318s] Level 1:colcon.colcon_core.package_identification:_identify(aruco_pose_estimation) by extension 'ros'
[0.319s] DEBUG:colcon.colcon_core.package_identification:Package 'aruco_pose_estimation' with type 'ros.ament_cmake' and name 'aruco_pose_estimation'
[0.319s] Level 1:colcon.colcon_core.package_identification:_identify(aruco_z_rotation) by extensions ['ignore', 'ignore_ament_install']
[0.320s] Level 1:colcon.colcon_core.package_identification:_identify(aruco_z_rotation) by extension 'ignore'
[0.320s] Level 1:colcon.colcon_core.package_identification:_identify(aruco_z_rotation) by extension 'ignore_ament_install'
[0.320s] Level 1:colcon.colcon_core.package_identification:_identify(aruco_z_rotation) by extensions ['colcon_pkg']
[0.320s] Level 1:colcon.colcon_core.package_identification:_identify(aruco_z_rotation) by extension 'colcon_pkg'
[0.320s] Level 1:colcon.colcon_core.package_identification:_identify(aruco_z_rotation) by extensions ['colcon_meta']
[0.320s] Level 1:colcon.colcon_core.package_identification:_identify(aruco_z_rotation) by extension 'colcon_meta'
[0.320s] Level 1:colcon.colcon_core.package_identification:_identify(aruco_z_rotation) by extensions ['ros']
[0.320s] Level 1:colcon.colcon_core.package_identification:_identify(aruco_z_rotation) by extension 'ros'
[0.321s] DEBUG:colcon.colcon_core.package_identification:Package 'aruco_z_rotation' with type 'ros.ament_python' and name 'aruco_z_rotation'
[0.321s] Level 1:colcon.colcon_core.package_identification:_identify(build) by extensions ['ignore', 'ignore_ament_install']
[0.321s] Level 1:colcon.colcon_core.package_identification:_identify(build) by extension 'ignore'
[0.321s] Level 1:colcon.colcon_core.package_identification:_identify(build) ignored
[0.321s] Level 1:colcon.colcon_core.package_identification:_identify(install) by extensions ['ignore', 'ignore_ament_install']
[0.321s] Level 1:colcon.colcon_core.package_identification:_identify(install) by extension 'ignore'
[0.321s] Level 1:colcon.colcon_core.package_identification:_identify(install) ignored
[0.321s] Level 1:colcon.colcon_core.package_identification:_identify(log) by extensions ['ignore', 'ignore_ament_install']
[0.321s] Level 1:colcon.colcon_core.package_identification:_identify(log) by extension 'ignore'
[0.321s] Level 1:colcon.colcon_core.package_identification:_identify(log) ignored
[0.322s] Level 1:colcon.colcon_core.package_discovery:discover_packages(recursive) using defaults
[0.322s] Level 1:colcon.colcon_core.package_discovery:discover_packages(ignore) discover
[0.322s] Level 1:colcon.colcon_core.package_discovery:discover_packages(ignore) using defaults
[0.322s] Level 1:colcon.colcon_core.package_discovery:discover_packages(path) discover
[0.322s] Level 1:colcon.colcon_core.package_discovery:discover_packages(path) using defaults
[0.351s] INFO:colcon.colcon_core.package_selection:Skipping not selected package 'aruco_interfaces' in 'aruco_interfaces'
[0.351s] INFO:colcon.colcon_core.package_selection:Skipping not selected package 'aruco_pose_estimation' in 'aruco_pose_estimation'
[0.352s] Level 1:colcon.colcon_core.package_discovery:discover_packages(prefix_path) check parameters
[0.352s] Level 1:colcon.colcon_core.package_discovery:discover_packages(prefix_path) discover
[0.353s] DEBUG:colcon.colcon_installed_package_information.package_discovery:Found 1 installed packages in /home/billy-linux-think/AAAA/ArucoRotation/install
[0.355s] DEBUG:colcon.colcon_installed_package_information.package_discovery:Found 365 installed packages in /opt/ros/humble
[0.357s] Level 1:colcon.colcon_core.package_discovery:discover_packages(prefix_path) using defaults
[0.404s] Level 5:colcon.colcon_core.verb:set package 'aruco_z_rotation' build argument 'cmake_args' from command line to 'None'
[0.404s] Level 5:colcon.colcon_core.verb:set package 'aruco_z_rotation' build argument 'cmake_target' from command line to 'None'
[0.404s] Level 5:colcon.colcon_core.verb:set package 'aruco_z_rotation' build argument 'cmake_target_skip_unavailable' from command line to 'False'
[0.404s] Level 5:colcon.colcon_core.verb:set package 'aruco_z_rotation' build argument 'cmake_clean_cache' from command line to 'False'
[0.404s] Level 5:colcon.colcon_core.verb:set package 'aruco_z_rotation' build argument 'cmake_clean_first' from command line to 'False'
[0.404s] Level 5:colcon.colcon_core.verb:set package 'aruco_z_rotation' build argument 'cmake_force_configure' from command line to 'False'
[0.404s] Level 5:colcon.colcon_core.verb:set package 'aruco_z_rotation' build argument 'ament_cmake_args' from command line to 'None'
[0.405s] Level 5:colcon.colcon_core.verb:set package 'aruco_z_rotation' build argument 'catkin_cmake_args' from command line to 'None'
[0.405s] Level 5:colcon.colcon_core.verb:set package 'aruco_z_rotation' build argument 'catkin_skip_building_tests' from command line to 'False'
[0.405s] DEBUG:colcon.colcon_core.verb:Building package 'aruco_z_rotation' with the following arguments: {'ament_cmake_args': None, 'build_base': '/home/billy-linux-think/AAAA/ArucoRotation/src/build/aruco_z_rotation', 'catkin_cmake_args': None, 'catkin_skip_building_tests': False, 'cmake_args': None, 'cmake_clean_cache': False, 'cmake_clean_first': False, 'cmake_force_configure': False, 'cmake_target': None, 'cmake_target_skip_unavailable': False, 'install_base': '/home/billy-linux-think/AAAA/ArucoRotation/src/install/aruco_z_rotation', 'merge_install': False, 'path': '/home/billy-linux-think/AAAA/ArucoRotation/src/aruco_z_rotation', 'symlink_install': True, 'test_result_base': None}
[0.405s] INFO:colcon.colcon_core.executor:Executing jobs using 'parallel' executor
[0.406s] DEBUG:colcon.colcon_parallel_executor.executor.parallel:run_until_complete
[0.406s] INFO:colcon.colcon_ros.task.ament_python.build:Building ROS package in '/home/billy-linux-think/AAAA/ArucoRotation/src/aruco_z_rotation' with build type 'ament_python'
[0.406s] Level 1:colcon.colcon_core.shell:create_environment_hook('aruco_z_rotation', 'ament_prefix_path')
[0.408s] INFO:colcon.colcon_core.plugin_system:Skipping extension 'colcon_core.shell.bat': Not used on non-Windows systems
[0.408s] INFO:colcon.colcon_core.shell:Creating environment hook '/home/billy-linux-think/AAAA/ArucoRotation/src/install/aruco_z_rotation/share/aruco_z_rotation/hook/ament_prefix_path.ps1'
[0.409s] INFO:colcon.colcon_core.shell:Creating environment descriptor '/home/billy-linux-think/AAAA/ArucoRotation/src/install/aruco_z_rotation/share/aruco_z_rotation/hook/ament_prefix_path.dsv'
[0.409s] INFO:colcon.colcon_core.shell:Creating environment hook '/home/billy-linux-think/AAAA/ArucoRotation/src/install/aruco_z_rotation/share/aruco_z_rotation/hook/ament_prefix_path.sh'
[0.410s] INFO:colcon.colcon_core.shell:Skip shell extension 'powershell' for command environment: Not usable outside of PowerShell
[0.410s] DEBUG:colcon.colcon_core.shell:Skip shell extension 'dsv' for command environment
[0.706s] INFO:colcon.colcon_core.task.python.build:Building Python package in '/home/billy-linux-think/AAAA/ArucoRotation/src/aruco_z_rotation'
[0.706s] INFO:colcon.colcon_core.shell:Skip shell extension 'powershell' for command environment: Not usable outside of PowerShell
[0.706s] DEBUG:colcon.colcon_core.shell:Skip shell extension 'dsv' for command environment
[1.304s] DEBUG:colcon.colcon_core.event_handler.log_command:Invoking command in '/home/billy-linux-think/AAAA/ArucoRotation/src/build/aruco_z_rotation': PYTHONPATH=/home/billy-linux-think/AAAA/ArucoRotation/src/build/aruco_z_rotation/prefix_override:/usr/lib/python3/dist-packages/colcon_core/task/python/colcon_distutils_commands:/home/billy-linux-think/AAAA/ArucoRotation/src/install/aruco_z_rotation/lib/python3.10/site-packages:${PYTHONPATH} /usr/bin/python3 -W ignore:setup.py install is deprecated -W ignore:easy_install command is deprecated setup.py develop --editable --build-directory /home/billy-linux-think/AAAA/ArucoRotation/src/build/aruco_z_rotation/build --no-deps symlink_data
[1.991s] Level 1:colcon.colcon_core.shell:create_environment_hook('aruco_z_rotation', 'pythonpath_develop')
[1.992s] INFO:colcon.colcon_core.shell:Creating environment hook '/home/billy-linux-think/AAAA/ArucoRotation/src/build/aruco_z_rotation/share/aruco_z_rotation/hook/pythonpath_develop.ps1'
[1.992s] DEBUG:colcon.colcon_core.event_handler.log_command:Invoked command in '/home/billy-linux-think/AAAA/ArucoRotation/src/build/aruco_z_rotation' returned '0': PYTHONPATH=/home/billy-linux-think/AAAA/ArucoRotation/src/build/aruco_z_rotation/prefix_override:/usr/lib/python3/dist-packages/colcon_core/task/python/colcon_distutils_commands:/home/billy-linux-think/AAAA/ArucoRotation/src/install/aruco_z_rotation/lib/python3.10/site-packages:${PYTHONPATH} /usr/bin/python3 -W ignore:setup.py install is deprecated -W ignore:easy_install command is deprecated setup.py develop --editable --build-directory /home/billy-linux-think/AAAA/ArucoRotation/src/build/aruco_z_rotation/build --no-deps symlink_data
[1.993s] INFO:colcon.colcon_core.shell:Creating environment descriptor '/home/billy-linux-think/AAAA/ArucoRotation/src/build/aruco_z_rotation/share/aruco_z_rotation/hook/pythonpath_develop.dsv'
[1.993s] INFO:colcon.colcon_core.shell:Creating environment hook '/home/billy-linux-think/AAAA/ArucoRotation/src/build/aruco_z_rotation/share/aruco_z_rotation/hook/pythonpath_develop.sh'
[1.995s] Level 1:colcon.colcon_core.environment:checking '/home/billy-linux-think/AAAA/ArucoRotation/src/install/aruco_z_rotation' for CMake module files
[1.996s] Level 1:colcon.colcon_core.environment:checking '/home/billy-linux-think/AAAA/ArucoRotation/src/install/aruco_z_rotation' for CMake config files
[1.996s] Level 1:colcon.colcon_core.environment:checking '/home/billy-linux-think/AAAA/ArucoRotation/src/install/aruco_z_rotation/lib'
[1.997s] Level 1:colcon.colcon_core.environment:checking '/home/billy-linux-think/AAAA/ArucoRotation/src/install/aruco_z_rotation/bin'
[1.997s] Level 1:colcon.colcon_core.environment:checking '/home/billy-linux-think/AAAA/ArucoRotation/src/install/aruco_z_rotation/lib/pkgconfig/aruco_z_rotation.pc'
[1.997s] Level 1:colcon.colcon_core.environment:checking '/home/billy-linux-think/AAAA/ArucoRotation/src/install/aruco_z_rotation/lib/python3.10/site-packages'
[1.997s] Level 1:colcon.colcon_core.shell:create_environment_hook('aruco_z_rotation', 'pythonpath')
[1.997s] INFO:colcon.colcon_core.shell:Creating environment hook '/home/billy-linux-think/AAAA/ArucoRotation/src/install/aruco_z_rotation/share/aruco_z_rotation/hook/pythonpath.ps1'
[1.998s] INFO:colcon.colcon_core.shell:Creating environment descriptor '/home/billy-linux-think/AAAA/ArucoRotation/src/install/aruco_z_rotation/share/aruco_z_rotation/hook/pythonpath.dsv'
[1.998s] INFO:colcon.colcon_core.shell:Creating environment hook '/home/billy-linux-think/AAAA/ArucoRotation/src/install/aruco_z_rotation/share/aruco_z_rotation/hook/pythonpath.sh'
[1.998s] Level 1:colcon.colcon_core.environment:checking '/home/billy-linux-think/AAAA/ArucoRotation/src/install/aruco_z_rotation/bin'
[1.998s] Level 1:colcon.colcon_core.environment:create_environment_scripts_only(aruco_z_rotation)
[1.999s] INFO:colcon.colcon_core.shell:Creating package script '/home/billy-linux-think/AAAA/ArucoRotation/src/install/aruco_z_rotation/share/aruco_z_rotation/package.ps1'
[2.000s] INFO:colcon.colcon_core.shell:Creating package descriptor '/home/billy-linux-think/AAAA/ArucoRotation/src/install/aruco_z_rotation/share/aruco_z_rotation/package.dsv'
[2.000s] INFO:colcon.colcon_core.shell:Creating package script '/home/billy-linux-think/AAAA/ArucoRotation/src/install/aruco_z_rotation/share/aruco_z_rotation/package.sh'
[2.001s] INFO:colcon.colcon_core.shell:Creating package script '/home/billy-linux-think/AAAA/ArucoRotation/src/install/aruco_z_rotation/share/aruco_z_rotation/package.bash'
[2.002s] INFO:colcon.colcon_core.shell:Creating package script '/home/billy-linux-think/AAAA/ArucoRotation/src/install/aruco_z_rotation/share/aruco_z_rotation/package.zsh'
[2.002s] Level 1:colcon.colcon_core.environment:create_file_with_runtime_dependencies(/home/billy-linux-think/AAAA/ArucoRotation/src/install/aruco_z_rotation/share/colcon-core/packages/aruco_z_rotation)
[2.003s] DEBUG:colcon.colcon_parallel_executor.executor.parallel:closing loop
[2.003s] DEBUG:colcon.colcon_parallel_executor.executor.parallel:loop closed
[2.003s] DEBUG:colcon.colcon_parallel_executor.executor.parallel:run_until_complete finished with '0'
[2.003s] DEBUG:colcon.colcon_core.event_reactor:joining thread
[2.008s] INFO:colcon.colcon_core.plugin_system:Skipping extension 'colcon_notification.desktop_notification.terminal_notifier': Not used on non-Darwin systems
[2.008s] INFO:colcon.colcon_core.plugin_system:Skipping extension 'colcon_notification.desktop_notification.win32': Not used on non-Windows systems
[2.008s] INFO:colcon.colcon_notification.desktop_notification:Sending desktop notification using 'notify2'
[2.019s] DEBUG:colcon.colcon_core.event_reactor:joined thread
[2.020s] INFO:colcon.colcon_core.shell:Creating prefix script '/home/billy-linux-think/AAAA/ArucoRotation/src/install/local_setup.ps1'
[2.021s] INFO:colcon.colcon_core.shell:Creating prefix util module '/home/billy-linux-think/AAAA/ArucoRotation/src/install/_local_setup_util_ps1.py'
[2.023s] INFO:colcon.colcon_core.shell:Creating prefix chain script '/home/billy-linux-think/AAAA/ArucoRotation/src/install/setup.ps1'
[2.025s] INFO:colcon.colcon_core.shell:Creating prefix script '/home/billy-linux-think/AAAA/ArucoRotation/src/install/local_setup.sh'
[2.025s] INFO:colcon.colcon_core.shell:Creating prefix util module '/home/billy-linux-think/AAAA/ArucoRotation/src/install/_local_setup_util_sh.py'
[2.026s] INFO:colcon.colcon_core.shell:Creating prefix chain script '/home/billy-linux-think/AAAA/ArucoRotation/src/install/setup.sh'
[2.027s] INFO:colcon.colcon_core.shell:Creating prefix script '/home/billy-linux-think/AAAA/ArucoRotation/src/install/local_setup.bash'
[2.027s] INFO:colcon.colcon_core.shell:Creating prefix chain script '/home/billy-linux-think/AAAA/ArucoRotation/src/install/setup.bash'
[2.028s] INFO:colcon.colcon_core.shell:Creating prefix script '/home/billy-linux-think/AAAA/ArucoRotation/src/install/local_setup.zsh'
[2.028s] INFO:colcon.colcon_core.shell:Creating prefix chain script '/home/billy-linux-think/AAAA/ArucoRotation/src/install/setup.zsh'
